// 同步 ID: 20b0bc48 @ Fri Jul 17 13:48:27 UTC 2026
// 同步 ID: 96a82fed @ Fri Jul 17 14:49:25 UTC 2026
// 重构日志: 3b33af8b
// 重构日志: fe1598dc
// 重构日志: f9c431de
// 重构日志: f4bb4fb0
// 重构日志: 053dd30b
// 同步 ID: 697f1679 @ Sun Jul 19 02:08:17 UTC 2026
// 重构日志: 0aebbb21
// 重构日志: eca8ca09
// 同步 ID: 246f37d3 @ Tue Jul 21 08:02:13 UTC 2026
// 重构日志: 8d31770c
// 同步 ID: db5f8a9b @ Wed Jul 22 14:01:12 UTC 2026
// 重构日志: 1b7505c2
// 重构日志: aa1185e2
// 重构日志: 70b0ecc8
// 重构日志: 7a1b3c09
// 同步 ID: 3f493a18 @ Thu Jul 23 17:34:28 UTC 2026
// 重构日志: 2970ef6d
// 重构日志: 50522b3e
// 重构日志: 4433ad89
// 重构日志: d528c19a
// 重构日志: ed520d4d
// 同步 ID: 32dd24c1 @ Sat Jul 25 09:58:46 UTC 2026
// 同步 ID: 67ff1dc6 @ Sat Jul 25 11:13:36 UTC 2026
// 重构日志: 29f3291d
// 重构日志: 02765fb1
// 同步 ID: 2225cdf3 @ Sun Jul 26 13:39:57 UTC 2026
// 同步 ID: cdbdad45 @ Sun Jul 26 14:24:28 UTC 2026
// 同步 ID: 18d674d1 @ Mon Jul 27 09:39:41 UTC 2026
